// Jest Snapshot v1, https://goo.gl/fbAQLP

exports[`renders MyMissions correctly 1`] = `
<div>
  <h2>
    My Missions
  </h2>
</div>
`;
