// Jest Snapshot v1, https://goo.gl/fbAQLP

exports[`renders MyMission correctly 1`] = `<h4 />`;
