// Jest Snapshot v1, https://goo.gl/fbAQLP

exports[`renders MyRocket correctly 1`] = `<h4 />`;
