// Jest Snapshot v1, https://goo.gl/fbAQLP

exports[`renders Profile correctly 1`] = `
<div
  className="sc-bcXHqe hKeyby"
>
  <div>
    <h2>
      My Missions
    </h2>
  </div>
  <div>
    <h2>
      My Rockets
    </h2>
  </div>
</div>
`;
