// Jest Snapshot v1, https://goo.gl/fbAQLP

exports[`renders Rockets correctly 1`] = `<div />`;
